
[1m== stage c0 — 2026-08-10T16:23:47Z[0m
   disk: 23 GB free (floor 10 GB)
   toolchain: 1.94.1 / cargo-llvm-cov 0.8.7
   profraw before: 0
   $ cargo llvm-cov show-env
info: cargo-llvm-cov currently setting cfg(coverage); you can opt-out it by passing --no-cfg-coverage
LLVM_PROFILE_FILE='/home/user/sergeant-rs/target/sergeant-rs-%p-%4m.profraw'
__CARGO_LLVM_COV_RUSTC_WRAPPER=1
__CARGO_LLVM_COV_RUSTC_WRAPPER_RUSTFLAGS='-Cinstrument-coverage--cfg=coverage'
__CARGO_LLVM_COV_RUSTC_WRAPPER_CRATE_NAMES=sergeant_rs,sergeant_rs_tests,sergeant_rs,sgt,m1_event_core,m2_daemon_api,m3_execution,m4_backends,m5_projections,m6_surfaces
RUSTC_WRAPPER=/root/.cargo/bin/cargo-llvm-cov
CARGO_LLVM_COV=1
CARGO_LLVM_COV_SHOW_ENV=1
CARGO_LLVM_COV_TARGET_DIR=/home/user/sergeant-rs/target
CARGO_LLVM_COV_BUILD_DIR=/home/user/sergeant-rs/target
   LLVM_PROFILE_FILE=/home/user/sergeant-rs/target/sergeant-rs-%p-%4m.profraw
   pattern is per-process (%p present)
   show-env target dir : /home/user/sergeant-rs/target
   managed collection  : /home/user/sergeant-rs/target/llvm-cov-target (where C1–C3 count profraws)
   profraw produced=0 mergeable=0 discarded=0 lost=0
   hygiene: leaked daemons [] /tmp entries 0
   stage c0 ok
