
[1m== stage c2-m5_projections — 2026-08-12T21:18:03Z[0m
   disk: 827 GB free (floor 10 GB)
   toolchain: 1.97.1 / cargo-llvm-cov 0.8.7
   profraw before: 11
   $ cargo llvm-cov --no-report --test m5_projections
info: cargo-llvm-cov currently setting cfg(coverage); you can opt-out it by passing --no-cfg-coverage
   Compiling sergeant-rs v0.1.0 (/home/miztertea/sergeant-rs)
    Finished `test` profile [unoptimized + debuginfo] target(s) in 2.02s
     Running tests/m5_projections.rs (target/llvm-cov-target/debug/deps/m5_projections-9042e860aacbf957)

running 20 tests
test provenance_checking_rejects_every_mislabelled_edge ... ok
test otlp_export_reaches_a_collector_listening_on_the_configured_endpoint ... ok
test the_journal_tail_read_is_exact_at_every_offset_across_segments ... ok
test t2_the_duckdb_file_has_exactly_one_owner ... ok
test real_adapter_events_populate_the_conversation_tables_and_tool_spans ... ok
test a_fold_that_fails_part_way_never_answers_out_of_a_short_table ... ok
test t5_enabled_export_emits_the_span_tree_and_metrics ... ok
test work_transcript_endpoint_exists_and_answers_a_real_work_and_a_404 ... ok
test r_mvp1_9_the_fleet_view_matches_the_single_work_view_for_an_evicted_work ... ok
test a_projection_that_cannot_catch_up_answers_503_and_never_wrong_rows ... ok
test r_mvp1_2_the_output_pointer_names_source_branch_worktree_and_finalize_commit ... ok
test t3_every_graph_edge_resolves_to_an_event_that_justifies_it ... ok
test rebuilding_reproduces_the_conversation_tables_a_real_adapter_fills ... ok
test a_fresh_daemon_answers_from_the_journal_alone ... ok
test t1_rebuild_from_scratch_reproduces_every_canned_answer ... ok
test t5_disabled_export_runs_no_exporter_machinery ... ok
test t6_the_daemon_answers_three_section_22_questions ... ok
test t4_deleting_the_projections_directory_loses_nothing ... ok
test a_restart_over_the_existing_projection_file_rebuilds_it ... ok
test rebuild_latency_on_a_realistic_journal_is_measured ... ok

test result: ok. 20 passed; 0 failed; 0 ignored; 0 measured; 0 filtered out; finished in 2.49s

   profraw produced=7 mergeable=7 discarded=0 lost=0
   hygiene: leaked daemons [] /tmp entries 49
   stage c2-m5_projections ok
