
[1m== stage c2-m1_event_core — 2026-08-12T21:17:45Z[0m
   disk: 828 GB free (floor 10 GB)
   toolchain: 1.97.1 / cargo-llvm-cov 0.8.7
   profraw before: 1
   $ cargo llvm-cov --no-report --test m1_event_core
info: cargo-llvm-cov currently setting cfg(coverage); you can opt-out it by passing --no-cfg-coverage
   Compiling sergeant-rs v0.1.0 (/home/miztertea/sergeant-rs)
    Finished `test` profile [unoptimized + debuginfo] target(s) in 7.71s
     Running tests/m1_event_core.rs (target/llvm-cov-target/debug/deps/m1_event_core-569d1d12bf249ce4)

running 14 tests
test crash_tail_recovery ... ok
test replay_next_surfaces_io_error_for_segment_deleted_after_listing ... ok
test snapshot_rewrite_is_atomic_replace ... ok
test crash_tail_complete_json_without_newline_is_quarantined ... ok
test replay_after_skips_empty_trailing_rotation_segment ... ok
test blank_journal_line_fails_closed ... ok
test replay_after_surfaces_malformed_first_line_of_second_segment ... ok
test replay_next_surfaces_io_error_for_invalid_utf8_segment ... ok
test blob_store_round_trip_dedup_and_mismatch ... ok
test round_trip_and_unknown_field_preservation ... ok
test seq_gap_or_duplicate_fails_closed ... ok
test segment_rotation_and_cross_segment_replay ... ok
test deterministic_replay_and_snapshot_equivalence ... ok
test second_live_writer_on_same_data_dir_is_refused ... ok

test result: ok. 14 passed; 0 failed; 0 ignored; 0 measured; 0 filtered out; finished in 1.02s

   profraw produced=1 mergeable=1 discarded=0 lost=0
   hygiene: leaked daemons [] /tmp entries 49
   stage c2-m1_event_core ok
