
[1m== stage c3-m2_daemon_api — 2026-08-12T21:18:18Z[0m
   disk: 826 GB free (floor 10 GB)
   toolchain: 1.97.1 / cargo-llvm-cov 0.8.7
   profraw before: 18
   $ cargo llvm-cov --no-report --test m2_daemon_api
info: cargo-llvm-cov currently setting cfg(coverage); you can opt-out it by passing --no-cfg-coverage
   Compiling sergeant-rs v0.1.0 (/home/miztertea/sergeant-rs)
    Finished `test` profile [unoptimized + debuginfo] target(s) in 2.65s
     Running tests/m2_daemon_api.rs (target/llvm-cov-target/debug/deps/m2_daemon_api-d1ee4aff32a98518)

running 58 tests
test descriptor_with_an_unknown_schema_fails_closed ... ok
test r_mvp1_6_a_disagreeing_workflow_refuses_naming_both_sources ... ok
test r_mvp1_10_extend_refuses_a_work_that_is_not_blocked ... ok
test input_and_retry_reject_malformed_bodies_and_invalid_command_ids ... ok
test event_history_from_seq_returns_exactly_the_tail ... ok
test r_mvp1_6_a_disagreeing_repos_refuses_naming_both_sources ... ok
test r_mvp1_10_extend_refuses_zero_additional_turns ... ok
test r_mvp1_10_pending_to_blocked_from_a_real_materialize_fault_exits_via_cancel ... ok
test r_mvp1_6_all_five_intent_detail_fields_journal_and_display ... ok
test input_on_a_needs_input_state_with_no_run_is_a_404_no_run ... ok
test r_mvp1_10_envelope_exhausted_at_launch_exits_via_retry ... ok
test input_and_retry_duplicate_command_id_replays_the_recorded_outcome ... ok
test malformed_bodies_command_ids_and_resume_headers_are_structured_errors ... ok
test r_mvp1_6_a_payload_carrying_an_unknown_key_replays_byte_identical ... ok
test malformed_query_string_is_a_structured_error ... ok
test r_mvp1_10_extend_then_retry_genuinely_reopens_the_envelope_exhausted_landing ... ok
test r_mvp1_10_needs_input_to_blocked_from_real_envelope_exhaustion_at_send_exits_via_retry ... ok
test r_mvp1_10_active_to_blocked_from_a_real_backend_refusal_exits_via_retry ... ok
test r_mvp1_6_an_empty_intent_detail_object_normalizes_to_absent ... ok
test r_mvp1_6_no_intent_detail_at_all_is_unaffected ... ok
test crash_between_mutation_and_command_record_still_replays ... ok
test r_mvp1_7_a_zero_ceiling_secs_override_refuses_at_submit ... ok
test r_mvp1_6_repos_named_only_in_intent_detail_is_inert_not_a_disagreement ... ok
test duplicate_cancel_command_id_replays_the_recorded_outcome ... ok
test retry_reenters_the_stage_and_fails_closed_when_the_backend_cannot_start ... ok
test r_mvp1_7_a_zero_turn_cap_override_refuses_at_submit ... ok
test retry_on_a_retryable_state_with_no_run_is_a_404_no_run ... ok
test sse_resume_after_a_disconnect_mid_history_replay_yields_exactly_the_remaining_tail ... ok
test sse_history_replay_error_mid_tail_closes_the_stream_without_daemon_damage ... ok
test t10_a_stalled_evidence_archive_does_not_hold_the_core_lock ... ok
test retry_success_prints_the_human_readable_line ... ok
test stale_descriptor_is_replaced_but_ambiguous_descriptor_fails_closed ... ok
test r_mvp1_7_sgt_turn_cap_env_var_reaches_a_real_spawned_daemon ... ok
test t11_a_stalled_send_does_not_hold_the_core_lock ... ok
test t11c_a_stalled_observation_after_a_send_does_not_hold_the_core_lock ... ok
test t11b_a_delivery_that_lands_after_a_cancel_does_not_revive_the_work ... ok
test t2_bearer_token_gates_v1_routes ... ok
test rejected_submit_is_journaled_and_replayed ... ok
test shutdown_completes_with_a_live_sse_client_attached ... ok
test t5_cancel_semantics_and_state_machine ... ok
test t5b_daemon_refuses_an_illegal_transition_and_appends_no_state_event ... ok
test t6_sse_live_tail_and_resume_from_seq ... ok
test t7_cli_end_to_end_auto_spawn_and_second_daemon_fails_closed ... ok
test t11e_a_stalled_drivers_completed_settle_lands_before_daemon_stopped ... ok
test t8_two_concurrent_auto_spawns_one_survivor_both_commands_complete ... ok
test t9_a_stalled_launch_does_not_hold_the_core_lock ... ok
test t7b_cli_status_show_and_cancel_through_the_binary ... ok
test concurrent_stale_replacement_leaves_the_surviving_daemon_discoverable ... ok
test t12_submission_throughput_has_an_automated_floor ... ok
test unknown_route_and_wrong_method_answer_structured_json ... ok
test t9b_a_stalled_observation_after_a_launch_does_not_hold_the_core_lock ... ok
test t1_descriptor_lifecycle_and_healthz ... ok
test t4_duplicate_command_id_is_byte_identical_even_across_restart ... ok
test t3_submit_lists_pending_journals_and_survives_restart ... ok
test work_list_human_form_prints_the_empty_and_populated_branches ... ok
test the_data_dir_guard_reaps_the_daemon_a_client_command_spawns ... ok
test resolve_data_dir_falls_back_through_sgt_data_dir_then_xdg_then_home ... ok
test t11d_a_stalled_completion_driver_does_not_hold_shutdown_open ... ok

test result: ok. 58 passed; 0 failed; 0 ignored; 0 measured; 0 filtered out; finished in 7.51s

   profraw produced=44 mergeable=44 discarded=0 lost=0
   hygiene: leaked daemons [] /tmp entries 49
   stage c3-m2_daemon_api ok
